// Jest Snapshot v1, https://goo.gl/fbAQLP

exports[`matches snapshot 1`] = `
<DocumentFragment>
  <div
    class="SignupForm"
  >
    <div
      class="container col-md-6 offset-md-3 col-lg-4 offset-lg-4"
    >
      <h1
        class="mb-3"
      >
        Sign up!
      </h1>
      <form>
        <div
          class="form-group"
        >
          <label
            for="username"
          >
            Username:
          </label>
          <input
            class="form-control"
            name="username"
            value=""
          />
        </div>
        <div
          class="form-group"
        >
          <label
            for="password"
          >
            Password:
          </label>
          <input
            class="form-control"
            name="password"
            type="password"
            value=""
          />
        </div>
        <div
          class="form-group"
        >
          <label
            for="firstName"
          >
            First Name:
          </label>
          <input
            class="form-control"
            name="firstName"
            value=""
          />
        </div>
        <div
          class="form-group"
        >
          <label
            for="lastName"
          >
            Last Name:
          </label>
          <input
            class="form-control"
            name="lastName"
            value=""
          />
        </div>
        <div>
          <label
            for="email"
          >
            Email:
          </label>
          <input
            class="form-control"
            name="email"
            value=""
          />
        </div>
        <button
          class="btn btn-primary"
        >
          Submit
        </button>
      </form>
    </div>
  </div>
</DocumentFragment>
`;
