// Jest Snapshot v1, https://goo.gl/fbAQLP

exports[`matches snapshot for danger 1`] = `
<DocumentFragment>
  <p
    class="alert alert-danger"
  >
    Everything is broken
  </p>
  <p
    class="alert alert-danger"
  >
    Run for the hills
  </p>
</DocumentFragment>
`;
