// Jest Snapshot v1, https://goo.gl/fbAQLP

exports[`matches snapshot with no jobs 1`] = `
<DocumentFragment>
  <div
    class="JobList col-md-8 offset-md-2"
  >
    <div
      class="SearchForm mb-4 sticky-top"
    >
      <form
        class="form-inline"
      >
        <input
          class="form-control form-control-lg flex-grow-1"
          name="searchTerm"
          placeholder="Enter search term.."
          value=""
        />
        <button
          class="btn btn-lg btn-success"
        >
          Search
        </button>
      </form>
    </div>
    <h1>
      Loading jobs...
    </h1>
  </div>
</DocumentFragment>
`;
