// Jest Snapshot v1, https://goo.gl/fbAQLP

exports[`matches snapshot 1`] = `
<DocumentFragment>
  <div
    class="SearchForm mb-4 sticky-top"
  >
    <form
      class="form-inline"
    >
      <input
        class="form-control form-control-lg flex-grow-1"
        name="searchTerm"
        placeholder="Enter search term.."
        value=""
      />
      <button
        class="btn btn-lg btn-success"
      >
        Search
      </button>
    </form>
  </div>
</DocumentFragment>
`;
